=== WhatsApp QR Auto-Sender ===
Iniciando geração automática de QR codes...
O QR será atualizado a cada 5 segundos

[01:57:24] Gerando QR Code #1...
Starting authentication...

Scan this QR code with WhatsApp (Linked Devices):
QR data saved to: /root/clawd/qr_temp
QR image saved to: /root/clawd/qr_temp.png
[01:57:30] ✅ QR #1 enviado para Telegram
[01:57:35] Gerando QR Code #2...
Starting authentication...

Scan this QR code with WhatsApp (Linked Devices):
QR data saved to: /root/clawd/qr_temp
QR image saved to: /root/clawd/qr_temp.png
[01:57:41] ✅ QR #2 enviado para Telegram
[01:57:46] Gerando QR Code #3...
Starting authentication...

Scan this QR code with WhatsApp (Linked Devices):
QR data saved to: /root/clawd/qr_temp
QR image saved to: /root/clawd/qr_temp.png
[01:57:52] ✅ QR #3 enviado para Telegram
[01:57:57] Gerando QR Code #4...
Starting authentication...

Scan this QR code with WhatsApp (Linked Devices):
QR data saved to: /root/clawd/qr_temp
QR image saved to: /root/clawd/qr_temp.png
[01:58:02] ✅ QR #4 enviado para Telegram
[01:58:07] Gerando QR Code #5...
Starting authentication...

Scan this QR code with WhatsApp (Linked Devices):
QR data saved to: /root/clawd/qr_temp
QR image saved to: /root/clawd/qr_temp.png
[01:58:13] ✅ QR #5 enviado para Telegram
[01:58:18] Gerando QR Code #6...
Starting authentication...

Scan this QR code with WhatsApp (Linked Devices):
QR data saved to: /root/clawd/qr_temp
QR image saved to: /root/clawd/qr_temp.png
[01:58:24] ✅ QR #6 enviado para Telegram
[01:58:29] Gerando QR Code #7...
Starting authentication...

Scan this QR code with WhatsApp (Linked Devices):
QR data saved to: /root/clawd/qr_temp
QR image saved to: /root/clawd/qr_temp.png
[01:58:35] ✅ QR #7 enviado para Telegram
[01:58:40] Gerando QR Code #8...
Starting authentication...

Scan this QR code with WhatsApp (Linked Devices):
QR data saved to: /root/clawd/qr_temp
QR image saved to: /root/clawd/qr_temp.png
[01:58:46] ✅ QR #8 enviado para Telegram
[01:58:51] Gerando QR Code #9...
Starting authentication...

Scan this QR code with WhatsApp (Linked Devices):
QR data saved to: /root/clawd/qr_temp
QR image saved to: /root/clawd/qr_temp.png
